Loading db file '/home/SCL_PDK/SCLPDK_V3.0_KIT/scl180/stdcell/fs120/4M1IL/liberty/lib_flow_ss/tsl18fs120_scl_ss.db'
Information: Propagating switching activity (low effort zero delay simulation). (PWR-6)
Warning: Design has unannotated primary inputs. (PWR-414)
Warning: Design has unannotated sequential cell outputs. (PWR-415)
 
****************************************
Report : power
        -analysis_effort low
Design : fibo
Version: U-2022.12-SP5
Date   : Wed Oct 29 01:03:42 2025
****************************************


Library(s) Used:

    tsl18fs120_scl_ss (File: /home/SCL_PDK/SCLPDK_V3.0_KIT/scl180/stdcell/fs120/4M1IL/liberty/lib_flow_ss/tsl18fs120_scl_ss.db)


Operating Conditions: tsl18fs120_scl_ss   Library: tsl18fs120_scl_ss
Wire Load Model Mode: top

Design        Wire Load Model            Library
------------------------------------------------
fibo                   4000              tsl18fs120_scl_ss


Global Operating Voltage = 1.62 
Power-specific unit information :
    Voltage Units = 1V
    Capacitance Units = 1.000000pf
    Time Units = 1ns
    Dynamic Power Units = 1mW    (derived from V,C,T units)
    Leakage Power Units = 1pW


Attributes
----------
i - Including register clock pin internal power


  Cell Internal Power  = 369.9209 uW   (88%)
  Net Switching Power  =  51.7893 uW   (12%)
                         ---------
Total Dynamic Power    = 421.7103 uW  (100%)

Cell Leakage Power     =  23.7788 nW


                 Internal         Switching           Leakage            Total
Power Group      Power            Power               Power              Power   (   %    )  Attrs
--------------------------------------------------------------------------------------------------
io_pad             0.0000            0.0000            0.0000            0.0000  (   0.00%)
memory             0.0000            0.0000            0.0000            0.0000  (   0.00%)
black_box          0.0000            0.0000            0.0000            0.0000  (   0.00%)
clock_network      0.2496            0.0000            0.0000            0.2496  (  59.19%)  i
register       6.7634e-02        2.5726e-02        1.3322e+04        9.3373e-02  (  22.14%)
sequential         0.0000            0.0000            0.0000            0.0000  (   0.00%)
combinational  5.2644e-02        2.6063e-02        1.0457e+04        7.8717e-02  (  18.67%)
--------------------------------------------------------------------------------------------------
Total              0.3699 mW     5.1789e-02 mW     2.3779e+04 pW         0.4217 mW
1
